cistudent@NetworkingLab:~/Desktop/CS362/Lab2$ script typescript.txt
Script started, file is typescript.txt
cistudent@NetworkingLab:~$ ls
Desktop    Downloads         Music     Public     Videos
Documents  examples.desktop  Pictures  Templates
cistudent@NetworkingLab:~$ cd Desktop/
cistudent@NetworkingLab:~/Desktop$ ls
CS362
cistudent@NetworkingLab:~/Desktop$ cd CS362/
cistudent@NetworkingLab:~/Desktop/CS362$ ls
Lab2  proficiency test
cistudent@NetworkingLab:~/Desktop/CS362$ cd Lab2/
cistudent@NetworkingLab:~/Desktop/CS362/Lab2$ ls
coredump.c
cistudent@NetworkingLab:~/Desktop/CS362/Lab2$ gcc coredump.c
cistudent@NetworkingLab:~/Desktop/CS362/Lab2$ ./a.out
The next line will cause core dump.
Floating point exception (core dumped)
cistudent@NetworkingLab:~/Desktop/CS362/Lab2$ ulimit -c unlimited
cistudent@NetworkingLab:~/Desktop/CS362/Lab2$ gcc -g coredump.c -o coredump
cistudent@NetworkingLab:~/Desktop/CS362/Lab2$ ./coredump
The next line will cause core dump.
Floating point exception (core dumped)
cistudent@NetworkingLab:~/Desktop/CS362/Lab2$ ls
a.out  core  coredump  coredump.c
cistudent@NetworkingLab:~/Desktop/CS362/Lab2$ gdb coredump core
GNU gdb (Ubuntu 7.11.1-0ubuntu1~16.04) 7.11.1
Copyright (C) 2016 Free Software Foundation, Inc.
License GPLv3+: GNU GPL version 3 or later <http://gnu.org/licenses/gpl.html>
This is free software: you are free to change and redistribute it.
There is NO WARRANTY, to the extent permitted by law.  Type "show copying"
and "show warranty" for details.
This GDB was configured as "x86_64-linux-gnu".
Type "show configuration" for configuration details.
For bug reporting instructions, please see:
<http://www.gnu.org/software/gdb/bugs/>.
Find the GDB manual and other documentation resources online at:
<http://www.gnu.org/software/gdb/documentation/>.
For help, type "help".
Type "apropos word" to search for commands related to "word"...
Reading symbols from coredump...done.
[New LWP 4742]
Core was generated by `./coredump'.
Program terminated with signal SIGFPE, Arithmetic exception.
#0  0x00000000004005a9 in offensiveFunc (x=3, y=0)
    at coredump.c:13
13	   int z = x / y;
(gdb) where
#0  0x00000000004005a9 in offensiveFunc (x=3, y=0) at coredump.c:13
#1  0x0000000000400583 in main () at coredump.c:7
(gdb) list
8	   return 0;
9	}
10	
11	int offensiveFunc(int x, int y)
12	{
13	   int z = x / y;
14	   return z;
15	}
(gdb) print y
$1 = 0
(gdb) print x
$2 = 3
(gdb) exit
Undefined command: "exit".  Try "help".
(gdb) quit
cistudent@NetworkingLab:~/Desktop/CS362/Lab2$ gcc coredump-revised.c
cistudent@NetworkingLab:~/Desktop/CS362/Lab2$ ./a.out
The next line will cause core dump.
ERROR: 3

cistudent@NetworkingLab:~/Desktop/CS362/Lab2$ exit
exit
Script done, file is typescript.txt
