Script started on Tue Oct 18 10:50:36 2016
[?1034hbash-3.2$ ls
arrays.c	bank.c		in.txt		typescript
arrays.h	bank.h		testSolvency.c
bash-3.2$ touch TER[K[K[KREADME.yxy[K[K[Ktxt
bash-3.2$ ls
README.txt	arrays.h	bank.h		testSolvency.c
arrays.c	bank.c		in.txt		typescript
bash-3.2$ d[Kgcc *.c - [Ko solvemcu[K[K[Kncy
bash-3.2$ ./solvency in t[K[K.txt
st

REQUEST: ST
 Available = [15 10 5 ]
Allocation = [0 0 0 ][0 0 0 ][0 0 0 ][0 0 0 ][0 0 0 ]
       Max = [7 5 3 ][3 2 2 ][9 0 2 ][2 2 2 ][4 3 3 ]
      Need = [7 5 3 ][3 2 2 ][9 0 2 ][2 2 2 ][4 3 3 ]
bo 0 1 2 2 2

REQUEST: BO 0: [2 2 2 ]
Max[0]: 7
need[0]: 7
REQUESTING[0]: 2
avail[0]: 15

Max[1]: 5
need[1]: 5
REQUESTING[1]: 2
avail[1]: 10

Max[2]: 3
need[2]: 3
REQUESTING[2]: 2
avail[2]: 5

*APPROVED*
st

REQUEST: ST
 Available = [13 8 3 ]
Allocation = [2 2 2 ][0 0 0 ][0 0 0 ][0 0 0 ][0 0 0 ]
       Max = [7 5 3 ][3 2 2 ][9 0 2 ][2 2 2 ][4 3 3 ]
      Need = [5 3 1 ][3 2 2 ][9 0 2 ][2 2 2 ][4 3 3 ]
bo 1 3 3 3

REQUEST: BO 1: [3 3 3 ]
Max[0]: 3
need[0]: 3
REQUESTING[0]: 3
avail[0]: 13

Max[1]: 2
need[1]: 2
REQUESTING[1]: 3
avail[1]: 8
Can't allocate > the previously declared max!: ERR: req[1] for: 3
*DENIED*
st

REQUEST: ST
 Available = [13 8 3 ]
Allocation = [2 2 2 ][0 0 0 ][0 0 0 ][0 0 0 ][0 0 0 ]
       Max = [7 5 3 ][3 2 2 ][9 0 2 ][2 2 2 ][4 3 3 ]
      Need = [5 3 1 ][3 2 2 ][9 0 2 ][2 2 2 ][4 3 3 ]
bo 1 322     2 2

REQUEST: BO 1: [3 2 2 ]
Max[0]: 3
need[0]: 3
REQUESTING[0]: 3
avail[0]: 13

Max[1]: 2
need[1]: 2
REQUESTING[1]: 2
avail[1]: 8

Max[2]: 2
need[2]: 2
REQUESTING[2]: 2
avail[2]: 3

*APPROVED*
st

REQUEST: ST
 Available = [10 6 1 ]
Allocation = [2 2 2 ][3 2 2 ][0 0 0 ][0 0 0 ][0 0 0 ]
       Max = [7 5 3 ][3 2 2 ][9 0 2 ][2 2 2 ][4 3 3 ]
      Need = [5 3 1 ][0 0 0 ][9 0 2 ][2 2 2 ][4 3 3 ]
re 1 2 1 1

REQUEST: RE 1: [2 1 1 ]
*APPROVED*
st

REQUEST: ST
 Available = [12 7 2 ]
Allocation = [2 2 2 ][1 1 1 ][0 0 0 ][0 0 0 ][0 0 0 ]
       Max = [7 5 3 ][3 2 2 ][9 0 2 ][2 2 2 ][4 3 3 ]
      Need = [5 3 1 ][2 1 1 ][9 0 2 ][2 2 2 ][4 3 3 ]
re 1 11    1 1

REQUEST: RE 1: [1 1 1 ]
*APPROVED*
st

REQUEST: ST
 Available = [13 8 3 ]
Allocation = [2 2 2 ][0 0 0 ][0 0 0 ][0 0 0 ][0 0 0 ]
       Max = [7 5 3 ][3 2 2 ][9 0 2 ][2 2 2 ][4 3 3 ]
      Need = [5 3 1 ][3 2 2 ][9 0 2 ][2 2 2 ][4 3 3 ]
bo 3 2 9 0 2

REQUEST: BO 2: [9 0 2 ]
Max[0]: 9
need[0]: 9
REQUESTING[0]: 9
avail[0]: 13

Max[1]: 0
need[1]: 0
REQUESTING[1]: 0
avail[1]: 8

Max[2]: 2
need[2]: 2
REQUESTING[2]: 2
avail[2]: 3

*APPROVED*
st

REQUEST: ST
 Available = [4 8 1 ]
Allocation = [2 2 2 ][0 0 0 ][9 0 2 ][0 0 0 ][0 0 0 ]
       Max = [7 5 3 ][3 2 2 ][9 0 2 ][2 2 2 ][4 3 3 ]
      Need = [5 3 1 ][3 2 2 ][0 0 0 ][2 2 2 ][4 3 3 ]
re 2 9 0 2

REQUEST: RE 2: [9 0 2 ]
*APPROVED*
st

REQUEST: ST
 Available = [13 8 3 ]
Allocation = [2 2 2 ][0 0 0 ][0 0 0 ][0 0 0 ][0 0 0 ]
       Max = [7 5 3 ][3 2 2 ][9 0 2 ][2 2 2 ][4 3 3 ]
      Need = [5 3 1 ][3 2 2 ][9 0 2 ][2 2 2 ][4 3 3 ]
re 0 2 2 2

REQUEST: RE 0: [2 2 2 ]
*APPROVED*
st

REQUEST: ST
 Available = [15 10 5 ]
Allocation = [0 0 0 ][0 0 0 ][0 0 0 ][0 0 0 ][0 0 0 ]
       Max = [7 5 3 ][3 2 2 ][9 0 2 ][2 2 2 ][4 3 3 ]
      Need = [7 5 3 ][3 2 2 ][9 0 2 ][2 2 2 ][4 3 3 ]
r bo 4 3 2 2 2

REQUEST: BO 3: [2 2 2 ]
Max[0]: 2
need[0]: 2
REQUESTING[0]: 2
avail[0]: 15

Max[1]: 2
need[1]: 2
REQUESTING[1]: 2
avail[1]: 10

Max[2]: 2
need[2]: 2
REQUESTING[2]: 2
avail[2]: 5

*APPROVED*
st

REQUEST: ST
 Available = [13 8 3 ]
Allocation = [0 0 0 ][0 0 0 ][0 0 0 ][2 2 2 ][0 0 0 ]
       Max = [7 5 3 ][3 2 2 ][9 0 2 ][2 2 2 ][4 3 3 ]
      Need = [7 5 3 ][3 2 2 ][9 0 2 ][0 0 0 ][4 3 3 ]
  bo 3 4 3   2 4 3 3

REQUEST: BO 4: [4 3 3 ]
Max[0]: 4
need[0]: 4
REQUESTING[0]: 4
avail[0]: 13

Max[1]: 3
need[1]: 3
REQUESTING[1]: 3
avail[1]: 8

Max[2]: 3
need[2]: 3
REQUESTING[2]: 3
avail[2]: 3

*APPROVED*
st

REQUEST: ST
 Available = [9 5 0 ]
Allocation = [0 0 0 ][0 0 0 ][0 0 0 ][2 2 2 ][4 3 3 ]
       Max = [7 5 3 ][3 2 2 ][9 0 2 ][2 2 2 ][4 3 3 ]
      Need = [7 5 3 ][3 2 2 ][9 0 2 ][0 0 0 ][0 0 0 ]
re 4 4 3 3

REQUEST: RE 4: [4 3 3 ]
*APPROVED*
re 3 2 2 2  

REQUEST: RE 3: [2 2 2 ]
*APPROVED*
st

REQUEST: ST
 Available = [15 10 5 ]
Allocation = [0 0 0 ][0 0 0 ][0 0 0 ][0 0 0 ][0 0 0 ]
       Max = [7 5 3 ][3 2 2 ][9 0 2 ][2 2 2 ][4 3 3 ]
      Need = [7 5 3 ][3 2 2 ][9 0 2 ][2 2 2 ][4 3 3 ]
q

REQUEST: Q
 Available = [15 10 5 ]
Allocation = [0 0 0 ][0 0 0 ][0 0 0 ][0 0 0 ][0 0 0 ]
       Max = [7 5 3 ][3 2 2 ][9 0 2 ][2 2 2 ][4 3 3 ]
      Need = [7 5 3 ][3 2 2 ][9 0 2 ][2 2 2 ][4 3 3 ]
bash-3.2$ exit
exit

Script done on Tue Oct 18 10:55:34 2016
