Script started on Tue Nov  1 04:03:02 2016
[?1034hbash-3.2$ gcc *.c -repl
clang: [0;1;31merror: [0munknown argument: '-repl'[0m
bash-3.2$ ls
lru.c		replace.c	typescript
opt.c		replace.h
bash-3.2$ gcc[K[K[Klsgcc *.c -repl[Corepl repl
bash-3.2$ ./repl 5 -s 1 2 3 4 1 2 5 1 2 3 4 5
REFERENCE STRING:
{1 }
2 }
3 }
4 }
1 }
2 }
5 }
1 }
2 }
3 }
4 }
5 }
       ->[ -1]   [ -1]   [ -1]   [ -1]   [ -1]
*{  1}   [  1] ->[ -1]   [ -1]   [ -1]   [ -1]
*{  2}   [  1]   [  2] ->[ -1]   [ -1]   [ -1]
*{  3}   [  1]   [  2]   [  3] ->[ -1]   [ -1]
*{  4}   [  1]   [  2]   [  3]   [  4] ->[ -1]
 {  1} ->[ -1]   [  2]   [  3]   [  4]   [  1]
 {  2}   [  2] ->[ -1]   [  3]   [  4]   [  1]
*{  5}   [  2]   [  5] ->[  3]   [  4]   [  1]
 {  1}   [  2]   [  5]   [  1] ->[  3]   [  4]
 {  2}   [  4]   [  5]   [  1]   [  2] ->[  3]
 {  3} ->[  4]   [  5]   [  1]   [  2]   [  3]
 {  4}   [  4] ->[  5]   [  1]   [  2]   [  3]
 {  5}   [  4]   [  5] ->[  1]   [  2]   [  3]
         [  4]   [  5] ->[  1]   [  2]   [  3]

Number of page faults using LRU: 5

{1} - [* 1]  [ -1]  [ -1]  [ -1]  [ -1]  
{2} - [  1]  [* 2]  [ -1]  [ -1]  [ -1]  
{3} - [  1]  [  2]  [* 3]  [ -1]  [ -1]  
{4} - [  1]  [  2]  [  3]  [* 4]  [ -1]  
{1} - [  1]  [  2]  [  3]  [  4]  [ -1]  
{2} - [  1]  [  2]  [  3]  [  4]  [ -1]  
{5} - [  1]  [  2]  [  3]  [  4]  [* 5]  
{1} - [  1]  [  2]  [  3]  [  4]  [  5]  
{2} - [  1]  [  2]  [  3]  [  4]  [  5]  
{3} - [  1]  [  2]  [  3]  [  4]  [  5]  
{4} - [  1]  [  2]  [  3]  [  4]  [  5]  
{5} - [  1]  [  2]  [  3]  [  4]  [  5]  

Number of page faults using OPT: 5


ERROR: 0
bash-3.2$ ./repl 5 -s 1 2 3 4 1 2 5 1 2 3 4 5[1P[1@4
REFERENCE STRING:
{1 }
2 }
3 }
4 }
1 }
2 }
5 }
1 }
2 }
3 }
4 }
5 }
       ->[ -1]   [ -1]   [ -1]   [ -1]
*{  1}   [  1] ->[ -1]   [ -1]   [ -1]
*{  2}   [  1]   [  2] ->[ -1]   [ -1]
*{  3}   [  1]   [  2]   [  3] ->[ -1]
*{  4} ->[  1]   [  2]   [  3]   [  4]
 {  1}   [  1] ->[  2]   [  3]   [  4]
 {  2}   [  1]   [  2] ->[  3]   [  4]
*{  5}   [  1]   [  2]   [  5] ->[  4]
 {  1} ->[  4]   [  2]   [  5]   [  1]
 {  2}   [  2] ->[  4]   [  5]   [  1]
*{  3}   [  2]   [  3] ->[  5]   [  1]
*{  4}   [  2]   [  3]   [  4] ->[  1]
*{  5} ->[  2]   [  3]   [  4]   [  5]
       ->[  2]   [  3]   [  4]   [  5]

Number of page faults using LRU: 8

{1} - [* 1]  [ -1]  [ -1]  [ -1]  
{2} - [  1]  [* 2]  [ -1]  [ -1]  
{3} - [  1]  [  2]  [* 3]  [ -1]  
{4} - [  1]  [  2]  [  3]  [* 4]  
{1} - [  1]  [  2]  [  3]  [  4]  
{2} - [  1]  [  2]  [  3]  [  4]  
{5} - [  1]  [  2]  [  3]  [* 5]  
{1} - [  1]  [  2]  [  3]  [  5]  
{2} - [  1]  [  2]  [  3]  [  5]  
{3} - [  1]  [  2]  [  3]  [  5]  
{4} - [* 4]  [  2]  [  3]  [  5]  
{5} - [  4]  [  2]  [  3]  [  5]  

Number of page faults using OPT: 6


ERROR: 0
bash-3.2$ ./repl 4 -s 1 2 3 4 1 2 5 1 2 3 4 5[C[C[C[C[C[1P[1@3
REFERENCE STRING:
{1 }
2 }
3 }
4 }
1 }
2 }
5 }
1 }
2 }
3 }
4 }
5 }
       ->[ -1]   [ -1]   [ -1]
*{  1}   [  1] ->[ -1]   [ -1]
*{  2}   [  1]   [  2] ->[ -1]
*{  3} ->[  1]   [  2]   [  3]
*{  4}   [  4] ->[  2]   [  3]
*{  1}   [  4]   [  1] ->[  3]
*{  2} ->[  4]   [  1]   [  2]
*{  5}   [  5] ->[  1]   [  2]
 {  1}   [  5]   [  1] ->[  2]
 {  2} ->[  5]   [  1]   [  2]
*{  3}   [  3] ->[  1]   [  2]
*{  4}   [  3]   [  4] ->[  2]
*{  5} ->[  3]   [  4]   [  5]
       ->[  3]   [  4]   [  5]

Number of page faults using LRU: 10

{1} - [* 1]  [ -1]  [ -1]  
{2} - [  1]  [* 2]  [ -1]  
{3} - [  1]  [  2]  [* 3]  
{4} - [* 4]  [  2]  [  3]  
{1} - [* 1]  [  2]  [  3]  
{2} - [  1]  [  2]  [  3]  
{5} - [  1]  [  2]  [* 5]  
{1} - [  1]  [  2]  [  5]  
{2} - [  1]  [  2]  [  5]  
{3} - [* 3]  [  2]  [  5]  
{4} - [* 4]  [  2]  [  5]  
{5} - [  4]  [  2]  [  5]  

Number of page faults using OPT: 8


ERROR: 0
bash-3.2$ ./repl 3 -s 1 2 3 4 1 2 5 1 2 3 4 5[C[C[C[C[C[C[C[C[C[C[C[C[C[C[C[C[C4[C[C[C[C[C[C[C[C[C[C[C[C[C[C[C[C[C[C[C[C[C[C[C[C[C[C[C[C[C[C[C[C[C[C[C[C[C[C[C[C[C[C[C[C5[C[C[C[C[C[C[C[C[C[C[C[C[C[C[C[C[C[C[C[C[C[C[C[C[C[C[C[C[C[C[C[C[C[C[C[C[C[20Pgcc *.c -o repl
[1mreplace.c:61:29: [0m[0;1;31merror: [0m[1mexpected expression[0m
    printf("\nERROR: %d\n", double(abs(numOfFaultsLRU - numOfFaults...
[0;1;32m                            ^
[0m1 error generated.
bash-3.2$ gcc *.c -o repl
[1mreplace.c:62:29: [0m[0;1;35mwarning: [0m[1mformat specifies type 'int' but the argument has
      type 'double' [-Wformat][0m
    printf("\nERROR: %d\n", result);
[0;1;32m                     ~~     ^~~~~~
[0m[0;32m                     %f
[0m1 warning generated.
bash-3.2$ gcc *.c -o repl
bash-3.2$ gcc *.c -o repl[C[C[C[C[C[C[C[C[C[C./repl 3 -s 1 2 3 4 1 2 5 1 2 3 4 5[C[C[C[C[C[C[C[C[C[C[C[C[C[C[C[C[C4[C[C[C[C[C[C[C[C[C[C[C[C[C[C[C[C[C[C[C[C[C[C[C[C[C[C[C[C[C[C[C[C[C[C[C[C[C[C[C[C[C[C[C[C5[C[C[C[C[C[C[C[C[C[C[C[C[C[C[C[C[C[C[C[C[C[C[C[C[C[C[C[C[C[C[C[C[C[C[C[C[C[C[C[C[C[C[C[C4[C[C[C[C[C[C[C[C[C[C[C[C[C[C[C[C[C[C[C[C[C[C[C[C[C[C[C[C[C[C[C[C[C[C[C[C[C[C[C[C[C[C[C[C3[C[C[C[C[C[C[C[C[C[C[C[C[C[C[C[C[C[C[C[C[C[C[C[C[C[C[C[C[C[C[C[C[C[C[C[C[C[C[C[C[C[C[C[C4[C[C[C[C[C[C[C[C[C[C[C[C[C[C[C[C[C[C[C[C[C[C[C[C[C[C[C[C[C[C[C[C[C[C[C[C[C[C[C[C[C[C[C[C5[C[C[C[C[C[C[C[C[C[C[C[C[C[C[C[C[C[C[C[C[C[C[C[C[C[C[C
REFERENCE STRING:
{1 }
2 }
3 }
4 }
1 }
2 }
5 }
1 }
2 }
3 }
4 }
5 }
       ->[ -1]   [ -1]   [ -1]   [ -1]   [ -1]
*{  1}   [  1] ->[ -1]   [ -1]   [ -1]   [ -1]
*{  2}   [  1]   [  2] ->[ -1]   [ -1]   [ -1]
*{  3}   [  1]   [  2]   [  3] ->[ -1]   [ -1]
*{  4}   [  1]   [  2]   [  3]   [  4] ->[ -1]
 {  1} ->[ -1]   [  2]   [  3]   [  4]   [  1]
 {  2}   [  2] ->[ -1]   [  3]   [  4]   [  1]
*{  5}   [  2]   [  5] ->[  3]   [  4]   [  1]
 {  1}   [  2]   [  5]   [  1] ->[  3]   [  4]
 {  2}   [  4]   [  5]   [  1]   [  2] ->[  3]
 {  3} ->[  4]   [  5]   [  1]   [  2]   [  3]
 {  4}   [  4] ->[  5]   [  1]   [  2]   [  3]
 {  5}   [  4]   [  5] ->[  1]   [  2]   [  3]
         [  4]   [  5] ->[  1]   [  2]   [  3]

Number of page faults using LRU: 5

{1} - [* 1]  [ -1]  [ -1]  [ -1]  [ -1]  
{2} - [  1]  [* 2]  [ -1]  [ -1]  [ -1]  
{3} - [  1]  [  2]  [* 3]  [ -1]  [ -1]  
{4} - [  1]  [  2]  [  3]  [* 4]  [ -1]  
{1} - [  1]  [  2]  [  3]  [  4]  [ -1]  
{2} - [  1]  [  2]  [  3]  [  4]  [ -1]  
{5} - [  1]  [  2]  [  3]  [  4]  [* 5]  
{1} - [  1]  [  2]  [  3]  [  4]  [  5]  
{2} - [  1]  [  2]  [  3]  [  4]  [  5]  
{3} - [  1]  [  2]  [  3]  [  4]  [  5]  
{4} - [  1]  [  2]  [  3]  [  4]  [  5]  
{5} - [  1]  [  2]  [  3]  [  4]  [  5]  

Number of page faults using OPT: 5


ERROR: 0.000000
bash-3.2$ ./repl 5 -s 1 2 3 4 1 2 5 1 2 3 4 5[C[C[C[C[C[C[C[C[C[C[20Pgcc *.c -o repl[C[C[C[C[C[C[C[C[C[C./repl 3 -s 1 2 3 4 1 2 5 1 2 3 4 5[C[C[C[C[C[C[C[C[C[C[C[C[C[C[C[C[C4[C[C[C[C[C[C[C[C[C[C[C[C[C[C[C[C[C[C[C[C[C[C[C[C[C[C[C
REFERENCE STRING:
{1 }
2 }
3 }
4 }
1 }
2 }
5 }
1 }
2 }
3 }
4 }
5 }
       ->[ -1]   [ -1]   [ -1]   [ -1]
*{  1}   [  1] ->[ -1]   [ -1]   [ -1]
*{  2}   [  1]   [  2] ->[ -1]   [ -1]
*{  3}   [  1]   [  2]   [  3] ->[ -1]
*{  4} ->[  1]   [  2]   [  3]   [  4]
 {  1}   [  1] ->[  2]   [  3]   [  4]
 {  2}   [  1]   [  2] ->[  3]   [  4]
*{  5}   [  1]   [  2]   [  5] ->[  4]
 {  1} ->[  4]   [  2]   [  5]   [  1]
 {  2}   [  2] ->[  4]   [  5]   [  1]
*{  3}   [  2]   [  3] ->[  5]   [  1]
*{  4}   [  2]   [  3]   [  4] ->[  1]
*{  5} ->[  2]   [  3]   [  4]   [  5]
       ->[  2]   [  3]   [  4]   [  5]

Number of page faults using LRU: 8

{1} - [* 1]  [ -1]  [ -1]  [ -1]  
{2} - [  1]  [* 2]  [ -1]  [ -1]  
{3} - [  1]  [  2]  [* 3]  [ -1]  
{4} - [  1]  [  2]  [  3]  [* 4]  
{1} - [  1]  [  2]  [  3]  [  4]  
{2} - [  1]  [  2]  [  3]  [  4]  
{5} - [  1]  [  2]  [  3]  [* 5]  
{1} - [  1]  [  2]  [  3]  [  5]  
{2} - [  1]  [  2]  [  3]  [  5]  
{3} - [  1]  [  2]  [  3]  [  5]  
{4} - [* 4]  [  2]  [  3]  [  5]  
{5} - [  4]  [  2]  [  3]  [  5]  

Number of page faults using OPT: 6


ERROR: 0.000000
bash-3.2$ ./repl 4 -s 1 2 3 4 1 2 5 1 2 3 4 5[C[C[C[C[C[C[C[C[C[C[C[C[C[C[C[C[C5[C[C[C[C[C[C[C[C[C[C[C[C[C[C[C[C[C[C[C[C[C[C[C[C[C[C[C[C[C[C[C[C[C[C[C[C[C[20Pgcc *.c -o repl[C[C[C[C[C[C[C[C[C[C./repl 3 -s 1 2 3 4 1 2 5 1 2 3 4 5
REFERENCE STRING:
{1 }
2 }
3 }
4 }
1 }
2 }
5 }
1 }
2 }
3 }
4 }
5 }
       ->[ -1]   [ -1]   [ -1]
*{  1}   [  1] ->[ -1]   [ -1]
*{  2}   [  1]   [  2] ->[ -1]
*{  3} ->[  1]   [  2]   [  3]
*{  4}   [  4] ->[  2]   [  3]
*{  1}   [  4]   [  1] ->[  3]
*{  2} ->[  4]   [  1]   [  2]
*{  5}   [  5] ->[  1]   [  2]
 {  1}   [  5]   [  1] ->[  2]
 {  2} ->[  5]   [  1]   [  2]
*{  3}   [  3] ->[  1]   [  2]
*{  4}   [  3]   [  4] ->[  2]
*{  5} ->[  3]   [  4]   [  5]
       ->[  3]   [  4]   [  5]

Number of page faults using LRU: 10

{1} - [* 1]  [ -1]  [ -1]  
{2} - [  1]  [* 2]  [ -1]  
{3} - [  1]  [  2]  [* 3]  
{4} - [* 4]  [  2]  [  3]  
{1} - [* 1]  [  2]  [  3]  
{2} - [  1]  [  2]  [  3]  
{5} - [  1]  [  2]  [* 5]  
{1} - [  1]  [  2]  [  5]  
{2} - [  1]  [  2]  [  5]  
{3} - [* 3]  [  2]  [  5]  
{4} - [* 4]  [  2]  [  5]  
{5} - [  4]  [  2]  [  5]  

Number of page faults using OPT: 8


ERROR: 0.000000
bash-3.2$ ./repl 3 -s 1 2 3 4 1 2 5 1 2 3 4 5[C[C[C[C[C[C[C[C[C[C[C[C[C[C[C[C[C4[C[C[C[C[C[C[C[C[C[C[C[C[C[C[C[C[C[C[C[C[C[C[C[C[C[C[C[C[C[C[C[C[C[C[C[C[C[C[C[C[C[C[C[C5[C[C[C[C[C[C[C[C[C[C[C[C[C[C[C[C[C[C[C[C[C[C[C[C[C[C[C[C[C[C[C[C[C[C[C[C[C[20Pgcc *.c -o repl
bash-3.2$ gcc *.c -o repl[C[C[C[C[C[C[C[C[C[C./repl 3 -s 1 2 3 4 1 2 5 1 2 3 4 5
REFERENCE STRING:
{1 }
2 }
3 }
4 }
1 }
2 }
5 }
1 }
2 }
3 }
4 }
5 }
       ->[ -1]   [ -1]   [ -1]
*{  1}   [  1] ->[ -1]   [ -1]
*{  2}   [  1]   [  2] ->[ -1]
*{  3} ->[  1]   [  2]   [  3]
*{  4}   [  4] ->[  2]   [  3]
*{  1}   [  4]   [  1] ->[  3]
*{  2} ->[  4]   [  1]   [  2]
*{  5}   [  5] ->[  1]   [  2]
 {  1}   [  5]   [  1] ->[  2]
 {  2} ->[  5]   [  1]   [  2]
*{  3}   [  3] ->[  1]   [  2]
*{  4}   [  3]   [  4] ->[  2]
*{  5} ->[  3]   [  4]   [  5]
       ->[  3]   [  4]   [  5]

Number of page faults using LRU: 10

{1} - [* 1]  [ -1]  [ -1]  
{2} - [  1]  [* 2]  [ -1]  
{3} - [  1]  [  2]  [* 3]  
{4} - [* 4]  [  2]  [  3]  
{1} - [* 1]  [  2]  [  3]  
{2} - [  1]  [  2]  [  3]  
{5} - [  1]  [  2]  [* 5]  
{1} - [  1]  [  2]  [  5]  
{2} - [  1]  [  2]  [  5]  
{3} - [* 3]  [  2]  [  5]  
{4} - [* 4]  [  2]  [  5]  
{5} - [  4]  [  2]  [  5]  

Number of page faults using OPT: 8


ERROR: 0.000000
bash-3.2$ ./repl 3 -s 1 2 3 4 1 2 5 1 2 3 4 5[C[C[C[C[C[C[C[C[C[C[K./repl 3 -s 1 2 3 4 1 2 5 1 2 3 4 5[C[C[C[C[C[C[C[C[C[C[20Pgcc *.c -o repl[C[C[C[C[C[C[C[C[C[C./repl 3 -s 1 2 3 4 1 2 5 1 2 3 4 5[C[C[C[C[C[C[C[C[C[C[20Pgcc *.c -o repl
bash-3.2$ gcc *.c -o repl[C[C[C[C[C[C[C[C[C[C./repl 3 -s 1 2 3 4 1 2 5 1 2 3 4 5[C[C[C[C[C[C[C[C[C[C[20Pgcc *.c -o repl[C[C[C[C[C[C[C[C[C[C./repl 3 -s 1 2 3 4 1 2 5 1 2 3 4 5[C[C[C[C[C[C[C[C[C[C[C[C[C[C[C[C[C4[C[C[C[C[C[C[C[C[C[C[C[C[C[C[C[C[C[C[C[C[C[C[C[C[C[C[C[C[C[C[C[C[C[C[C[C[C[C[C[C[C[C[C[C5[C[C[C[C[C[C[C[C[C[C[C[C[C[C[C[C[C[C[C[C[C[C[C[C[C[C[C
REFERENCE STRING:
{1 }
2 }
3 }
4 }
1 }
2 }
5 }
1 }
2 }
3 }
4 }
5 }
       ->[ -1]   [ -1]   [ -1]   [ -1]   [ -1]
*{  1}   [  1] ->[ -1]   [ -1]   [ -1]   [ -1]
*{  2}   [  1]   [  2] ->[ -1]   [ -1]   [ -1]
*{  3}   [  1]   [  2]   [  3] ->[ -1]   [ -1]
*{  4}   [  1]   [  2]   [  3]   [  4] ->[ -1]
 {  1} ->[ -1]   [  2]   [  3]   [  4]   [  1]
 {  2}   [  2] ->[ -1]   [  3]   [  4]   [  1]
*{  5}   [  2]   [  5] ->[  3]   [  4]   [  1]
 {  1}   [  2]   [  5]   [  1] ->[  3]   [  4]
 {  2}   [  4]   [  5]   [  1]   [  2] ->[  3]
 {  3} ->[  4]   [  5]   [  1]   [  2]   [  3]
 {  4}   [  4] ->[  5]   [  1]   [  2]   [  3]
 {  5}   [  4]   [  5] ->[  1]   [  2]   [  3]
         [  4]   [  5] ->[  1]   [  2]   [  3]

Number of page faults using LRU: 5

{1} - [* 1]  [ -1]  [ -1]  [ -1]  [ -1]  
{2} - [  1]  [* 2]  [ -1]  [ -1]  [ -1]  
{3} - [  1]  [  2]  [* 3]  [ -1]  [ -1]  
{4} - [  1]  [  2]  [  3]  [* 4]  [ -1]  
{1} - [  1]  [  2]  [  3]  [  4]  [ -1]  
{2} - [  1]  [  2]  [  3]  [  4]  [ -1]  
{5} - [  1]  [  2]  [  3]  [  4]  [* 5]  
{1} - [  1]  [  2]  [  3]  [  4]  [  5]  
{2} - [  1]  [  2]  [  3]  [  4]  [  5]  
{3} - [  1]  [  2]  [  3]  [  4]  [  5]  
{4} - [  1]  [  2]  [  3]  [  4]  [  5]  
{5} - [  1]  [  2]  [  3]  [  4]  [  5]  

Number of page faults using OPT: 5


ERROR: 0.000000
bash-3.2$ ./repl 5 -s 1 2 3 4 1 2 5 1 2 3 4 5[C[C[C[C[C[C[C[C[C[C[20Pgcc *.c -o repl[C[C[C[C[C[C[C[C[C[C./repl 3 -s 1 2 3 4 1 2 5 1 2 3 4 5[C[C[C[C[C[C[C[C[C[C[20Pgcc *.c -o repl[C[C[C[C[C[C[C[C[C[C./repl 3 -s 1 2 3 4 1 2 5 1 2 3 4 5[C[C[C[C[C[C[C[C[C[C[C[C[C[C[C[C[C4[C[C[C[C[C[C[C[C[C[C[C[C[C[C[C[C[C[C[C[C[C[C[C[C[C[C[C
REFERENCE STRING:
{1 }
2 }
3 }
4 }
1 }
2 }
5 }
1 }
2 }
3 }
4 }
5 }
       ->[ -1]   [ -1]   [ -1]   [ -1]
*{  1}   [  1] ->[ -1]   [ -1]   [ -1]
*{  2}   [  1]   [  2] ->[ -1]   [ -1]
*{  3}   [  1]   [  2]   [  3] ->[ -1]
*{  4} ->[  1]   [  2]   [  3]   [  4]
 {  1}   [  1] ->[  2]   [  3]   [  4]
 {  2}   [  1]   [  2] ->[  3]   [  4]
*{  5}   [  1]   [  2]   [  5] ->[  4]
 {  1} ->[  4]   [  2]   [  5]   [  1]
 {  2}   [  2] ->[  4]   [  5]   [  1]
*{  3}   [  2]   [  3] ->[  5]   [  1]
*{  4}   [  2]   [  3]   [  4] ->[  1]
*{  5} ->[  2]   [  3]   [  4]   [  5]
       ->[  2]   [  3]   [  4]   [  5]

Number of page faults using LRU: 8

{1} - [* 1]  [ -1]  [ -1]  [ -1]  
{2} - [  1]  [* 2]  [ -1]  [ -1]  
{3} - [  1]  [  2]  [* 3]  [ -1]  
{4} - [  1]  [  2]  [  3]  [* 4]  
{1} - [  1]  [  2]  [  3]  [  4]  
{2} - [  1]  [  2]  [  3]  [  4]  
{5} - [  1]  [  2]  [  3]  [* 5]  
{1} - [  1]  [  2]  [  3]  [  5]  
{2} - [  1]  [  2]  [  3]  [  5]  
{3} - [  1]  [  2]  [  3]  [  5]  
{4} - [* 4]  [  2]  [  3]  [  5]  
{5} - [  4]  [  2]  [  3]  [  5]  

Number of page faults using OPT: 6


ERROR: 0.000000
bash-3.2$ ./repl 4 -s 1 2 3 4 1 2 5 1 2 3 4 5[C[C[C[C[C[C[C[C[C[C[C[C[C[C[C[C[C5[C[C[C[C[C[C[C[C[C[C[C[C[C[C[C[C[C[C[C[C[C[C[C[C[C[C[C[C[C[C[C[C[C[C[C[C[C[20Pgcc *.c -o repl[C[C[C[C[C[C[C[C[C[C./repl 3 -s 1 2 3 4 1 2 5 1 2 3 4 5[C[C[C[C[C[C[C[C[C[C[20Pgcc *.c -o repl[C[C[C[C[C[C[C[C[C[C./repl 3 -s 1 2 3 4 1 2 5 1 2 3 4 5
REFERENCE STRING:
{1 }
2 }
3 }
4 }
1 }
2 }
5 }
1 }
2 }
3 }
4 }
5 }
       ->[ -1]   [ -1]   [ -1]
*{  1}   [  1] ->[ -1]   [ -1]
*{  2}   [  1]   [  2] ->[ -1]
*{  3} ->[  1]   [  2]   [  3]
*{  4}   [  4] ->[  2]   [  3]
*{  1}   [  4]   [  1] ->[  3]
*{  2} ->[  4]   [  1]   [  2]
*{  5}   [  5] ->[  1]   [  2]
 {  1}   [  5]   [  1] ->[  2]
 {  2} ->[  5]   [  1]   [  2]
*{  3}   [  3] ->[  1]   [  2]
*{  4}   [  3]   [  4] ->[  2]
*{  5} ->[  3]   [  4]   [  5]
       ->[  3]   [  4]   [  5]

Number of page faults using LRU: 10

{1} - [* 1]  [ -1]  [ -1]  
{2} - [  1]  [* 2]  [ -1]  
{3} - [  1]  [  2]  [* 3]  
{4} - [* 4]  [  2]  [  3]  
{1} - [* 1]  [  2]  [  3]  
{2} - [  1]  [  2]  [  3]  
{5} - [  1]  [  2]  [* 5]  
{1} - [  1]  [  2]  [  5]  
{2} - [  1]  [  2]  [  5]  
{3} - [* 3]  [  2]  [  5]  
{4} - [* 4]  [  2]  [  5]  
{5} - [  4]  [  2]  [  5]  

Number of page faults using OPT: 8


ERROR: 0.000000
bash-3.2$ exit
exit

Script done on Tue Nov  1 04:10:13 2016
